\BOOKMARK [1][-]{section.1}{\376\377\000U\000n\000i\000d\000a\000d\000\040\0003\000:\000\040\000\301\000l\000g\000e\000b\000r\000a\000s\000\040\000d\000e\000\040\000B\000o\000o\000l\000e}{}% 1
\BOOKMARK [2][-]{subsection.1.1}{\376\377\000C\000o\000n\000j\000u\000n\000t\000o\000\040\000d\000e\000\040\000p\000a\000r\000t\000e\000s}{section.1}% 2
\BOOKMARK [2][-]{subsection.1.2}{\376\377\000\301\000l\000g\000e\000b\000r\000a\000\040\000d\000e\000\040\000B\000o\000o\000l\000e\000\040\000d\000e\000\040\000c\000o\000n\000j\000u\000n\000t\000o\000s}{section.1}% 3
\BOOKMARK [3][-]{subsubsection.1.2.1}{\376\377\000R\000e\000l\000a\000c\000i\000\363\000n\000\040\000d\000e\000\040\000d\000i\000v\000i\000s\000i\000b\000i\000l\000i\000d\000a\000d}{subsection.1.2}% 4
\BOOKMARK [3][-]{subsubsection.1.2.2}{\376\377\000N\000\372\000m\000e\000r\000o\000\040\000n\000a\000t\000u\000r\000a\000l\000\040\000l\000i\000b\000r\000e\000\040\000d\000e\000\040\000c\000u\000a\000d\000r\000a\000d\000o\000s}{subsection.1.2}% 5
\BOOKMARK [2][-]{subsection.1.3}{\376\377\000\301\000l\000g\000e\000b\000r\000a\000\040\000d\000e\000\040\000B\000o\000o\000l\000e\000\040\000d\000e\000\040\000l\000o\000s\000\040\000d\000i\000v\000i\000s\000o\000r\000e\000s\000\040\000d\000e\000\040\000n}{section.1}% 6
\BOOKMARK [2][-]{subsection.1.4}{\376\377\000P\000r\000o\000p\000i\000e\000d\000a\000d\000e\000s}{section.1}% 7
\BOOKMARK [2][-]{subsection.1.5}{\376\377\000\301\000l\000g\000e\000b\000r\000a\000\040\000d\000e\000\040\000l\000o\000s\000\040\000i\000n\000t\000e\000r\000r\000u\000p\000t\000o\000r\000e\000s}{section.1}% 8
\BOOKMARK [2][-]{subsection.1.6}{\376\377\000F\000u\000n\000c\000i\000o\000n\000e\000s\000\040\000d\000e\000\040\000c\000o\000n\000m\000u\000t\000a\000c\000i\000\363\000n}{section.1}% 9
\BOOKMARK [2][-]{subsection.1.7}{\376\377\000F\000u\000n\000c\000i\000o\000n\000e\000s\000\040\000b\000o\000o\000l\000e\000a\000n\000a\000s}{section.1}% 10
\BOOKMARK [2][-]{subsection.1.8}{\376\377\000I\000g\000u\000a\000l\000d\000a\000d\000\040\000e\000n\000t\000r\000e\000\040\000f\000u\000n\000c\000i\000o\000n\000e\000s\000\040\000b\000o\000o\000l\000e\000a\000n\000a\000s}{section.1}% 11
\BOOKMARK [2][-]{subsection.1.9}{\376\377\000F\000u\000n\000c\000i\000o\000n\000e\000s\000\040\000b\000o\000o\000l\000e\000a\000n\000a\000s\000\040\000c\000o\000m\000p\000l\000e\000m\000e\000n\000t\000a\000r\000i\000a\000s}{section.1}% 12
\BOOKMARK [2][-]{subsection.1.10}{\376\377\000A\000d\000i\000c\000i\000\363\000n\000\040\000y\000\040\000m\000u\000l\000t\000i\000p\000l\000i\000c\000a\000c\000i\000\363\000n\000\040\000d\000e\000\040\000f\000u\000n\000c\000i\000o\000n\000e\000s\000\040\000b\000o\000o\000l\000e\000a\000n\000a\000s}{section.1}% 13
\BOOKMARK [2][-]{subsection.1.11}{\376\377\000F\000o\000r\000m\000a\000\040\000N\000o\000r\000m\000a\000l\000\040\000D\000i\000s\000y\000u\000n\000t\000i\000v\000a\000\040\000\050\000F\000N\000D\000\051}{section.1}% 14
\BOOKMARK [2][-]{subsection.1.12}{\376\377\000F\000o\000r\000m\000a\000\040\000N\000o\000r\000m\000a\000l\000\040\000C\000o\000n\000j\000u\000n\000t\000i\000v\000a\000\040\000\050\000F\000N\000C\000\051}{section.1}% 15
\BOOKMARK [2][-]{subsection.1.13}{\376\377\000T\000e\000o\000r\000e\000m\000a\000\040\000d\000e\000\040\000d\000u\000a\000l\000i\000d\000a\000d\000:\000\040\000F\000N\000D\000\040\041\224\000\040\000F\000N\000C}{section.1}% 16
\BOOKMARK [1][-]{section.2}{\376\377\000U\000n\000i\000d\000a\000d\000\040\0004\000:\000\040\000R\000e\000l\000a\000c\000i\000o\000n\000e\000s\000\040\000d\000e\000\040\000R\000e\000c\000u\000r\000e\000n\000c\000i\000a}{}% 17
\BOOKMARK [2][-]{subsection.2.1}{\376\377\000S\000u\000c\000e\000s\000i\000\363\000n\000\040\000n\000u\000m\000\351\000r\000i\000c\000a}{section.2}% 18
\BOOKMARK [2][-]{subsection.2.2}{\376\377\000R\000e\000l\000a\000c\000i\000\363\000n\000\040\000d\000e\000\040\000r\000e\000c\000u\000r\000r\000e\000n\000c\000i\000a}{section.2}% 19
\BOOKMARK [2][-]{subsection.2.3}{\376\377\000R\000e\000l\000a\000c\000i\000o\000n\000e\000s\000\040\000d\000e\000\040\000r\000e\000c\000u\000r\000r\000e\000n\000c\000i\000a\000\040\000l\000i\000n\000e\000a\000l\000e\000s}{section.2}% 20
\BOOKMARK [3][-]{subsubsection.2.3.1}{\376\377\000R\000R\000\040\000l\000i\000n\000e\000a\000l\000\040\000h\000o\000m\000o\000g\000\351\000n\000e\000a\000\040\000d\000e\000\040\000o\000r\000d\000e\000n\000\040\0001}{subsection.2.3}% 21
\BOOKMARK [3][-]{subsubsection.2.3.2}{\376\377\000R\000R\000\040\000l\000i\000n\000e\000a\000l\000\040\000h\000o\000m\000o\000g\000\351\000n\000e\000a\000\040\000d\000e\000\040\000o\000r\000d\000e\000n\000\040\0002}{subsection.2.3}% 22
\BOOKMARK [3][-]{subsubsection.2.3.3}{\376\377\000R\000R\000\040\000l\000i\000n\000e\000a\000l\000\040\000n\000o\000\040\000h\000o\000m\000o\000g\000\351\000n\000e\000a\000s}{subsection.2.3}% 23
